﻿[36mvite v4.5.14 [32mbuilding for production...[36m[39m
[32mÔ£ô[39m 0 modules transformed.
[32mÔ£ô built in 17ms[39m
node.exe : [31m[vite:
build-html] Unable to 
parse HTML; parse5 
error code disallowed-
content-in-noscript-in
-head
No linha:1 caractere:1
+ & "C:\Program Files\
nodejs/node.exe" 
"C:\Program 
Files\nodejs/node_mo 
...
+ ~~~~~~~~~~~~~~~~~~~~
~~~~~~~~~~~~~~~~~~~~~~
~~~~~~~~~~~~~~~~~~~~~~
~~~~~
    + CategoryInfo    
          : NotSpeci  
  fied: ([31m[vite   
 :buil...oscript-i    
n-head:String) []    
, RemoteException
    + FullyQualifiedE 
   rrorId : NativeCo  
  mmandError
 
 at C:/Users/tomra/Dow
nloads/01sabores-exclu
sivos/Landing-Page/ind
ex.html:31:9
29 |      </script>
30 |      <noscript>
31 |          <img 
height="1" width="1" 
style="display:none"
   |                  
                      
^
32 |              src=
"https://www.facebook.
com/tr?id=124835794050
6437&ev=PageView&noscr
ipt=1" />
33 |      
</noscript>[39m
file: [36mC:/Users/to
mra/Downloads/01sabore
s-exclusivos/Landing-P
age/index.html[39m
[31merror during 
build:
Error: Unable to 
parse HTML; parse5 
error code disallowed-
content-in-noscript-in
-head
 at C:/Users/tomra/Dow
nloads/01sabores-exclu
sivos/Landing-Page/ind
ex.html:31:9
29 |      </script>
30 |      <noscript>
31 |          <img 
height="1" width="1" 
style="display:none"
   |                  
                      
^
32 |              src=
"https://www.facebook.
com/tr?id=124835794050
6437&ev=PageView&noscr
ipt=1" />
33 |      </noscript>
    at 
handleParseError (file
:///C:/Users/tomra/Dow
nloads/01sabores-exclu
sivos/Landing-Page/nod
e_modules/vite/dist/no
de/chunks/dep-827b23df
.js:37524:11)
    at 
Parser.onParseError (f
ile:///C:/Users/tomra/
Downloads/01sabores-ex
clusivos/Landing-Page/
node_modules/vite/dist
/node/chunks/dep-827b2
3df.js:37450:13)
    at Parser._err (fi
le:///C:/Users/tomra/D
ownloads/01sabores-exc
lusivos/Landing-Page/n
ode_modules/vite/dist/
node/chunks/dep-f0c7da
e0.js:4902:14)
    at 
tokenInHeadNoScript (f
ile:///C:/Users/tomra/
Downloads/01sabores-ex
clusivos/Landing-Page/
node_modules/vite/dist
/node/chunks/dep-f0c7d
ae0.js:6236:7)
    at startTagInHeadN
oScript (file:///C:/Us
ers/tomra/Downloads/01
sabores-exclusivos/Lan
ding-Page/node_modules
/vite/dist/node/chunks
/dep-f0c7dae0.js:6214:
13)
    at Parser._startTa
gOutsideForeignContent
 (file:///C:/Users/tom
ra/Downloads/01sabores
-exclusivos/Landing-Pa
ge/node_modules/vite/d
ist/node/chunks/dep-f0
c7dae0.js:5570:17)
    at Parser._process
StartTag (file:///C:/U
sers/tomra/Downloads/0
1sabores-exclusivos/La
nding-Page/node_module
s/vite/dist/node/chunk
s/dep-f0c7dae0.js:5548
:18)
    at 
Parser.onStartTag (fil
e:///C:/Users/tomra/Do
wnloads/01sabores-excl
usivos/Landing-Page/no
de_modules/vite/dist/n
ode/chunks/dep-f0c7dae
0.js:5528:14)
    at Tokenizer.emitC
urrentTagToken (file:/
//C:/Users/tomra/Downl
oads/01sabores-exclusi
vos/Landing-Page/node_
modules/vite/dist/node
/chunks/dep-f0c7dae0.j
s:1316:26)
    at Tokenizer._stat
eSelfClosingStartTag (
file:///C:/Users/tomra
/Downloads/01sabores-e
xclusivos/Landing-Page
/node_modules/vite/dis
t/node/chunks/dep-f0c7
dae0.js:2744:22)[39m
